[      67ms] [INFO] %cDownload the React DevTools for a better development experience: https://reactjs.org/link/react-devtools font-weight:bold @ http://localhost:5173/node_modules/.vite/deps/chunk-PJEEZAML.js?v=5a0f49ca:21550
[     116ms] [ERROR] Failed to load resource: the server responded with a status of 404 (Not Found) @ http://localhost:5173/favicon.ico:0
[    5632ms] [WARNING] [React Flow]: Couldn't create edge for source handle id: "source", edge id: e1. Help: https://reactflow.dev/error#008 @ http://localhost:5173/node_modules/.vite/deps/@xyflow_react.js?v=5a0f49ca:3915
[    5633ms] [WARNING] [React Flow]: Couldn't create edge for source handle id: "source", edge id: e1. Help: https://reactflow.dev/error#008 @ http://localhost:5173/node_modules/.vite/deps/@xyflow_react.js?v=5a0f49ca:3915
[    5633ms] [WARNING] [React Flow]: Couldn't create edge for source handle id: "source", edge id: e1. Help: https://reactflow.dev/error#008 @ http://localhost:5173/node_modules/.vite/deps/@xyflow_react.js?v=5a0f49ca:3915
[    5633ms] [WARNING] [React Flow]: Couldn't create edge for source handle id: "source", edge id: e1. Help: https://reactflow.dev/error#008 @ http://localhost:5173/node_modules/.vite/deps/@xyflow_react.js?v=5a0f49ca:3915
[    5634ms] [WARNING] [React Flow]: Couldn't create edge for source handle id: "source", edge id: e1. Help: https://reactflow.dev/error#008 @ http://localhost:5173/node_modules/.vite/deps/@xyflow_react.js?v=5a0f49ca:3915
[    5642ms] [WARNING] [React Flow]: Couldn't create edge for source handle id: "source", edge id: e1. Help: https://reactflow.dev/error#008 @ http://localhost:5173/node_modules/.vite/deps/@xyflow_react.js?v=5a0f49ca:3915
[    5644ms] [WARNING] [React Flow]: Couldn't create edge for source handle id: "source", edge id: e1. Help: https://reactflow.dev/error#008 @ http://localhost:5173/node_modules/.vite/deps/@xyflow_react.js?v=5a0f49ca:3915
[    5644ms] [WARNING] [React Flow]: Couldn't create edge for source handle id: "source", edge id: e1. Help: https://reactflow.dev/error#008 @ http://localhost:5173/node_modules/.vite/deps/@xyflow_react.js?v=5a0f49ca:3915
[    5645ms] [WARNING] [React Flow]: Couldn't create edge for source handle id: "source", edge id: e1. Help: https://reactflow.dev/error#008 @ http://localhost:5173/node_modules/.vite/deps/@xyflow_react.js?v=5a0f49ca:3915
[    5949ms] [WARNING] [React Flow]: Couldn't create edge for source handle id: "source", edge id: e1. Help: https://reactflow.dev/error#008 @ http://localhost:5173/node_modules/.vite/deps/@xyflow_react.js?v=5a0f49ca:3915
[    5950ms] [WARNING] [React Flow]: Couldn't create edge for source handle id: "source", edge id: e1. Help: https://reactflow.dev/error#008 @ http://localhost:5173/node_modules/.vite/deps/@xyflow_react.js?v=5a0f49ca:3915
[    5953ms] [WARNING] [React Flow]: Couldn't create edge for source handle id: "source", edge id: e1. Help: https://reactflow.dev/error#008 @ http://localhost:5173/node_modules/.vite/deps/@xyflow_react.js?v=5a0f49ca:3915
[    5958ms] [WARNING] [React Flow]: Couldn't create edge for source handle id: "source", edge id: e1. Help: https://reactflow.dev/error#008 @ http://localhost:5173/node_modules/.vite/deps/@xyflow_react.js?v=5a0f49ca:3915
[    5958ms] [WARNING] [React Flow]: Couldn't create edge for source handle id: "source", edge id: e1. Help: https://reactflow.dev/error#008 @ http://localhost:5173/node_modules/.vite/deps/@xyflow_react.js?v=5a0f49ca:3915
[    5958ms] [WARNING] [React Flow]: Couldn't create edge for source handle id: "source", edge id: e1. Help: https://reactflow.dev/error#008 @ http://localhost:5173/node_modules/.vite/deps/@xyflow_react.js?v=5a0f49ca:3915
[    6263ms] [WARNING] [React Flow]: Couldn't create edge for source handle id: "source", edge id: e1. Help: https://reactflow.dev/error#008 @ http://localhost:5173/node_modules/.vite/deps/@xyflow_react.js?v=5a0f49ca:3915
[    6264ms] [WARNING] [React Flow]: Couldn't create edge for source handle id: "source", edge id: e1. Help: https://reactflow.dev/error#008 @ http://localhost:5173/node_modules/.vite/deps/@xyflow_react.js?v=5a0f49ca:3915
[   39210ms] [WARNING] [React Flow]: Couldn't create edge for source handle id: "source", edge id: e1. Help: https://reactflow.dev/error#008 @ http://localhost:5173/node_modules/.vite/deps/@xyflow_react.js?v=5a0f49ca:3915
[   39210ms] [WARNING] [React Flow]: Couldn't create edge for source handle id: "source", edge id: e1. Help: https://reactflow.dev/error#008 @ http://localhost:5173/node_modules/.vite/deps/@xyflow_react.js?v=5a0f49ca:3915
[   39210ms] [WARNING] [React Flow]: Couldn't create edge for source handle id: "source", edge id: e1. Help: https://reactflow.dev/error#008 @ http://localhost:5173/node_modules/.vite/deps/@xyflow_react.js?v=5a0f49ca:3915
[   39210ms] [WARNING] [React Flow]: Couldn't create edge for source handle id: "source", edge id: e1. Help: https://reactflow.dev/error#008 @ http://localhost:5173/node_modules/.vite/deps/@xyflow_react.js?v=5a0f49ca:3915
[   39210ms] [WARNING] [React Flow]: Couldn't create edge for source handle id: "source", edge id: e1. Help: https://reactflow.dev/error#008 @ http://localhost:5173/node_modules/.vite/deps/@xyflow_react.js?v=5a0f49ca:3915
[   39214ms] [WARNING] [React Flow]: Couldn't create edge for source handle id: "source", edge id: e1. Help: https://reactflow.dev/error#008 @ http://localhost:5173/node_modules/.vite/deps/@xyflow_react.js?v=5a0f49ca:3915
[   39216ms] [WARNING] [React Flow]: Couldn't create edge for source handle id: "source", edge id: e1. Help: https://reactflow.dev/error#008 @ http://localhost:5173/node_modules/.vite/deps/@xyflow_react.js?v=5a0f49ca:3915
[   39216ms] [WARNING] [React Flow]: Couldn't create edge for source handle id: "source", edge id: e1. Help: https://reactflow.dev/error#008 @ http://localhost:5173/node_modules/.vite/deps/@xyflow_react.js?v=5a0f49ca:3915
[   39216ms] [WARNING] [React Flow]: Couldn't create edge for source handle id: "source", edge id: e1. Help: https://reactflow.dev/error#008 @ http://localhost:5173/node_modules/.vite/deps/@xyflow_react.js?v=5a0f49ca:3915
[   39312ms] [WARNING] [React Flow]: Couldn't create edge for source handle id: "source", edge id: e1. Help: https://reactflow.dev/error#008 @ http://localhost:5173/node_modules/.vite/deps/@xyflow_react.js?v=5a0f49ca:3915
[   39314ms] [WARNING] [React Flow]: Couldn't create edge for source handle id: "source", edge id: e1. Help: https://reactflow.dev/error#008 @ http://localhost:5173/node_modules/.vite/deps/@xyflow_react.js?v=5a0f49ca:3915
[   39315ms] [WARNING] [React Flow]: Couldn't create edge for source handle id: "source", edge id: e1. Help: https://reactflow.dev/error#008 @ http://localhost:5173/node_modules/.vite/deps/@xyflow_react.js?v=5a0f49ca:3915
[   39321ms] [WARNING] [React Flow]: Couldn't create edge for source handle id: "source", edge id: e1. Help: https://reactflow.dev/error#008 @ http://localhost:5173/node_modules/.vite/deps/@xyflow_react.js?v=5a0f49ca:3915
[   39331ms] [WARNING] [React Flow]: Couldn't create edge for source handle id: "source", edge id: e1. Help: https://reactflow.dev/error#008 @ http://localhost:5173/node_modules/.vite/deps/@xyflow_react.js?v=5a0f49ca:3915
[   39339ms] [WARNING] [React Flow]: Couldn't create edge for source handle id: "source", edge id: e1. Help: https://reactflow.dev/error#008 @ http://localhost:5173/node_modules/.vite/deps/@xyflow_react.js?v=5a0f49ca:3915
[   39347ms] [WARNING] [React Flow]: Couldn't create edge for source handle id: "source", edge id: e1. Help: https://reactflow.dev/error#008 @ http://localhost:5173/node_modules/.vite/deps/@xyflow_react.js?v=5a0f49ca:3915
[   39356ms] [WARNING] [React Flow]: Couldn't create edge for source handle id: "source", edge id: e1. Help: https://reactflow.dev/error#008 @ http://localhost:5173/node_modules/.vite/deps/@xyflow_react.js?v=5a0f49ca:3915
[   39363ms] [WARNING] [React Flow]: Couldn't create edge for source handle id: "source", edge id: e1. Help: https://reactflow.dev/error#008 @ http://localhost:5173/node_modules/.vite/deps/@xyflow_react.js?v=5a0f49ca:3915
[   39372ms] [WARNING] [React Flow]: Couldn't create edge for source handle id: "source", edge id: e1. Help: https://reactflow.dev/error#008 @ http://localhost:5173/node_modules/.vite/deps/@xyflow_react.js?v=5a0f49ca:3915
[   39380ms] [WARNING] [React Flow]: Couldn't create edge for source handle id: "source", edge id: e1. Help: https://reactflow.dev/error#008 @ http://localhost:5173/node_modules/.vite/deps/@xyflow_react.js?v=5a0f49ca:3915
[   39389ms] [WARNING] [React Flow]: Couldn't create edge for source handle id: "source", edge id: e1. Help: https://reactflow.dev/error#008 @ http://localhost:5173/node_modules/.vite/deps/@xyflow_react.js?v=5a0f49ca:3915
[   39397ms] [WARNING] [React Flow]: Couldn't create edge for source handle id: "source", edge id: e1. Help: https://reactflow.dev/error#008 @ http://localhost:5173/node_modules/.vite/deps/@xyflow_react.js?v=5a0f49ca:3915
[   39406ms] [WARNING] [React Flow]: Couldn't create edge for source handle id: "source", edge id: e1. Help: https://reactflow.dev/error#008 @ http://localhost:5173/node_modules/.vite/deps/@xyflow_react.js?v=5a0f49ca:3915
[   39414ms] [WARNING] [React Flow]: Couldn't create edge for source handle id: "source", edge id: e1. Help: https://reactflow.dev/error#008 @ http://localhost:5173/node_modules/.vite/deps/@xyflow_react.js?v=5a0f49ca:3915
[   39422ms] [WARNING] [React Flow]: Couldn't create edge for source handle id: "source", edge id: e1. Help: https://reactflow.dev/error#008 @ http://localhost:5173/node_modules/.vite/deps/@xyflow_react.js?v=5a0f49ca:3915
[   39431ms] [WARNING] [React Flow]: Couldn't create edge for source handle id: "source", edge id: e1. Help: https://reactflow.dev/error#008 @ http://localhost:5173/node_modules/.vite/deps/@xyflow_react.js?v=5a0f49ca:3915
[   39439ms] [WARNING] [React Flow]: Couldn't create edge for source handle id: "source", edge id: e1. Help: https://reactflow.dev/error#008 @ http://localhost:5173/node_modules/.vite/deps/@xyflow_react.js?v=5a0f49ca:3915
[   39447ms] [WARNING] [React Flow]: Couldn't create edge for source handle id: "source", edge id: e1. Help: https://reactflow.dev/error#008 @ http://localhost:5173/node_modules/.vite/deps/@xyflow_react.js?v=5a0f49ca:3915
[   39456ms] [WARNING] [React Flow]: Couldn't create edge for source handle id: "source", edge id: e1. Help: https://reactflow.dev/error#008 @ http://localhost:5173/node_modules/.vite/deps/@xyflow_react.js?v=5a0f49ca:3915
[   39464ms] [WARNING] [React Flow]: Couldn't create edge for source handle id: "source", edge id: e1. Help: https://reactflow.dev/error#008 @ http://localhost:5173/node_modules/.vite/deps/@xyflow_react.js?v=5a0f49ca:3915
[   39472ms] [WARNING] [React Flow]: Couldn't create edge for source handle id: "source", edge id: e1. Help: https://reactflow.dev/error#008 @ http://localhost:5173/node_modules/.vite/deps/@xyflow_react.js?v=5a0f49ca:3915
[   39481ms] [WARNING] [React Flow]: Couldn't create edge for source handle id: "source", edge id: e1. Help: https://reactflow.dev/error#008 @ http://localhost:5173/node_modules/.vite/deps/@xyflow_react.js?v=5a0f49ca:3915
[   39489ms] [WARNING] [React Flow]: Couldn't create edge for source handle id: "source", edge id: e1. Help: https://reactflow.dev/error#008 @ http://localhost:5173/node_modules/.vite/deps/@xyflow_react.js?v=5a0f49ca:3915
[   39497ms] [WARNING] [React Flow]: Couldn't create edge for source handle id: "source", edge id: e1. Help: https://reactflow.dev/error#008 @ http://localhost:5173/node_modules/.vite/deps/@xyflow_react.js?v=5a0f49ca:3915
[   39505ms] [WARNING] [React Flow]: Couldn't create edge for source handle id: "source", edge id: e1. Help: https://reactflow.dev/error#008 @ http://localhost:5173/node_modules/.vite/deps/@xyflow_react.js?v=5a0f49ca:3915
[   39513ms] [WARNING] [React Flow]: Couldn't create edge for source handle id: "source", edge id: e1. Help: https://reactflow.dev/error#008 @ http://localhost:5173/node_modules/.vite/deps/@xyflow_react.js?v=5a0f49ca:3915
[   39520ms] [WARNING] [React Flow]: Couldn't create edge for source handle id: "source", edge id: e1. Help: https://reactflow.dev/error#008 @ http://localhost:5173/node_modules/.vite/deps/@xyflow_react.js?v=5a0f49ca:3915
[   39520ms] [WARNING] [React Flow]: Couldn't create edge for source handle id: "source", edge id: e1. Help: https://reactflow.dev/error#008 @ http://localhost:5173/node_modules/.vite/deps/@xyflow_react.js?v=5a0f49ca:3915
[   39522ms] [WARNING] [React Flow]: Couldn't create edge for source handle id: "source", edge id: e1. Help: https://reactflow.dev/error#008 @ http://localhost:5173/node_modules/.vite/deps/@xyflow_react.js?v=5a0f49ca:3915
[   39531ms] [WARNING] [React Flow]: Couldn't create edge for source handle id: "source", edge id: e1. Help: https://reactflow.dev/error#008 @ http://localhost:5173/node_modules/.vite/deps/@xyflow_react.js?v=5a0f49ca:3915
[   39539ms] [WARNING] [React Flow]: Couldn't create edge for source handle id: "source", edge id: e1. Help: https://reactflow.dev/error#008 @ http://localhost:5173/node_modules/.vite/deps/@xyflow_react.js?v=5a0f49ca:3915
[   39547ms] [WARNING] [React Flow]: Couldn't create edge for source handle id: "source", edge id: e1. Help: https://reactflow.dev/error#008 @ http://localhost:5173/node_modules/.vite/deps/@xyflow_react.js?v=5a0f49ca:3915
[   39556ms] [WARNING] [React Flow]: Couldn't create edge for source handle id: "source", edge id: e1. Help: https://reactflow.dev/error#008 @ http://localhost:5173/node_modules/.vite/deps/@xyflow_react.js?v=5a0f49ca:3915
[   39563ms] [WARNING] [React Flow]: Couldn't create edge for source handle id: "source", edge id: e1. Help: https://reactflow.dev/error#008 @ http://localhost:5173/node_modules/.vite/deps/@xyflow_react.js?v=5a0f49ca:3915
[   39572ms] [WARNING] [React Flow]: Couldn't create edge for source handle id: "source", edge id: e1. Help: https://reactflow.dev/error#008 @ http://localhost:5173/node_modules/.vite/deps/@xyflow_react.js?v=5a0f49ca:3915
[   39580ms] [WARNING] [React Flow]: Couldn't create edge for source handle id: "source", edge id: e1. Help: https://reactflow.dev/error#008 @ http://localhost:5173/node_modules/.vite/deps/@xyflow_react.js?v=5a0f49ca:3915
[   39589ms] [WARNING] [React Flow]: Couldn't create edge for source handle id: "source", edge id: e1. Help: https://reactflow.dev/error#008 @ http://localhost:5173/node_modules/.vite/deps/@xyflow_react.js?v=5a0f49ca:3915
[   39597ms] [WARNING] [React Flow]: Couldn't create edge for source handle id: "source", edge id: e1. Help: https://reactflow.dev/error#008 @ http://localhost:5173/node_modules/.vite/deps/@xyflow_react.js?v=5a0f49ca:3915
[   39606ms] [WARNING] [React Flow]: Couldn't create edge for source handle id: "source", edge id: e1. Help: https://reactflow.dev/error#008 @ http://localhost:5173/node_modules/.vite/deps/@xyflow_react.js?v=5a0f49ca:3915
[   39614ms] [WARNING] [React Flow]: Couldn't create edge for source handle id: "source", edge id: e1. Help: https://reactflow.dev/error#008 @ http://localhost:5173/node_modules/.vite/deps/@xyflow_react.js?v=5a0f49ca:3915
[   39615ms] [WARNING] [React Flow]: Couldn't create edge for source handle id: "source", edge id: e1. Help: https://reactflow.dev/error#008 @ http://localhost:5173/node_modules/.vite/deps/@xyflow_react.js?v=5a0f49ca:3915
[   73156ms] [WARNING] [React Flow]: Couldn't create edge for source handle id: "source", edge id: e1. Help: https://reactflow.dev/error#008 @ http://localhost:5173/node_modules/.vite/deps/@xyflow_react.js?v=5a0f49ca:3915
[   73156ms] [WARNING] [React Flow]: Couldn't create edge for source handle id: "source", edge id: e1. Help: https://reactflow.dev/error#008 @ http://localhost:5173/node_modules/.vite/deps/@xyflow_react.js?v=5a0f49ca:3915
[   73156ms] [WARNING] [React Flow]: Couldn't create edge for source handle id: "source", edge id: e1. Help: https://reactflow.dev/error#008 @ http://localhost:5173/node_modules/.vite/deps/@xyflow_react.js?v=5a0f49ca:3915
[   73156ms] [WARNING] [React Flow]: Couldn't create edge for source handle id: "source", edge id: e1. Help: https://reactflow.dev/error#008 @ http://localhost:5173/node_modules/.vite/deps/@xyflow_react.js?v=5a0f49ca:3915
[   73156ms] [WARNING] [React Flow]: Couldn't create edge for source handle id: "source", edge id: e1. Help: https://reactflow.dev/error#008 @ http://localhost:5173/node_modules/.vite/deps/@xyflow_react.js?v=5a0f49ca:3915
[   73156ms] [WARNING] [React Flow]: It looks like you've created a new nodeTypes or edgeTypes object. If this wasn't on purpose please define the nodeTypes/edgeTypes outside of the component or memoize them. Help: https://reactflow.dev/error#002 @ http://localhost:5173/node_modules/.vite/deps/@xyflow_react.js?v=5a0f49ca:3915
